{"logTime": "0929/133802", "correlationVector":"iCKj6Q6nv/JAN1RIWD6IRE.1","action":"SyncServerConnectionManagerRequest", "result":"SYNC_SERVER_OK", "context":{"environment":"Prod_brazilsouth_prod-s01-001-sam-brazilsouth", "migrationStage":"NotStarted", "server":"akswtt0070000c6"}}
{"logTime": "0929/133802", "correlationVector":"iCKj6Q6nv/JAN1RIWD6IRE.2","action":"ProcessGetUpdates", "result":"Done", "context":{"dataType":"Encryption Keys", "deleted":"0", "process_failed_to_decrypt":"0", "process_pending_decryption":"0", "process_success":"1", "total":"1"}}
{"logTime": "0929/133803", "correlationVector":"BIOHuEMlQ3iY3OtGEFZkEj","action":"SyncServerConnectionManagerRequest", "result":"SYNC_SERVER_OK", "context":{"environment":"", "migrationStage":"", "server":""}}
{"logTime": "0929/133803", "correlationVector":"BIOHuEMlQ3iY3OtGEFZkEj.0","action":"EncryptionKeysFetcher.DownloadKeys:", "result":"Success", "context":Key count: 8, Last key timestamp: 2026-05-24T01:28:56Z}
{"logTime": "0929/133803", "correlationVector":"BIOHuEMlQ3iY3OtGEFZkEj.1","action":"EncryptionKeysManager::SetEncryptionKeys:", "result":"Success", "context":Key names[8]:[HHC14FcwrTu2lcpfsTDTXTxGd0Edo8J4ao3oj/Xd0z06jEWuQluAw+MmKM8+PkyXQorg17LlVzUJLR/9g5QxMw==][dMs6Jf+wPF9DhueFibrtuwao5LKfbSYkSDdSos2YKMjIDiSBK5vH1yOOYJ7GeR+cwUXFWNNEWaSFhbLJOgsnbw==][R5TWQT37O/n+u07KZ0rJEiNyuRPylOZ7LFkH9coA2ZJTzkQtYr24KdBuW3h+oyZqK53+xFdlmS+mRenI664jaQ==][ZmrACimDUdBOcg0tpMrTYT0Lx4SAeh9oMKsWaF8AnNp4HcEw+cnzsrTija+H2X32Lz+j07RnJkTuC3GC9j1PIA==][6dd9pFxUA9xi6eDI3LMpqC4P8429kEvQpkVbKEdOTCnYzmxr1CxX4GV0I/FTBbTxGl2nVfM/mKzS4AP29ugBTw==][6eaauKe2D/GL5YxmDIU2L9UO97sNJ3zgypBDj+Ye6o1cBEeNFL5Ag420buA4PsnXWuA3/d5STUOmt9ZH7VDwug==][PB8Bv6ZYVUq7urjfmMLcKsAgG8T3X3nK7xv5NFyclX+p2f9wRqsfO/4hEtl1ZWo7EYMaVe6ylWP9K04/D5ibXw==][MRIs10nW7yPrXqcl8px27aDIGrY2sbY+2Ja03djV7JQSgoSLZge3/jJJLUpP/K6lQdhqweJYIr2vWdF41pyc+g==]}
{"logTime": "0929/133803", "correlationVector":"BIOHuEMlQ3iY3OtGEFZkEj.2","action":"EncryptionKeysManager::SetEncryptionKeysWithTimestamps:", "result":"Success", "context":Key timestamps[8]:[2021-06-24T23:47:48Z][2022-09-18T15:45:16Z][2023-07-11T18:35:50Z][2024-01-27T00:42:37Z][2024-07-25T21:34:41Z][2025-06-29T14:03:56Z][2026-01-07T11:04:29Z][2026-05-24T01:28:56Z]}
{"logTime": "0929/133803", "correlationVector":"iCKj6Q6nv/JAN1RIWD6IRE","action":"Initial GetUpdates", "result":"", "context":Reason: NEW_CLIENT. cV=iCKj6Q6nv/JAN1RIWD6IRE}
{"logTime": "0929/133803", "correlationVector":"iCKj6Q6nv/JAN1RIWD6IRE.3","action":"GetUpdates Response", "result":"Success", "context":Received 1 update(s). cV=iCKj6Q6nv/JAN1RIWD6IRE.0;server=akswtt0070000c6;cloudType=Consumer;environment=Prod_brazilsouth_prod-s01-001-sam-brazilsouth;migrationStage=NotStarted}
{"logTime": "0929/133803", "correlationVector":"AXpxbTX/CDO8HHvvaJQhOi","action":"Initial GetUpdates", "result":"", "context":Reason: NEWLY_SUPPORTED_DATATYPE. cV=AXpxbTX/CDO8HHvvaJQhOi}
{"logTime": "0929/133803", "correlationVector":"AXpxbTX/CDO8HHvvaJQhOi.1","action":"SyncServerConnectionManagerRequest", "result":"SYNC_SERVER_OK", "context":{"environment":"Prod_brazilsouth_prod-s01-034-sam-brazilsouth", "migrationStage":"NotStarted", "server":"akswtt10300003q"}}
{"logTime": "0929/133803", "correlationVector":"AXpxbTX/CDO8HHvvaJQhOi.2","action":"ProcessGetUpdates", "result":"Done", "context":{"dataType":"Passwords", "deleted":"0", "process_failed_to_decrypt":"0", "process_pending_decryption":"0", "process_success":"196", "total":"196"}}
{"logTime": "0929/133803", "correlationVector":"AXpxbTX/CDO8HHvvaJQhOi.3","action":"ProcessGetUpdates", "result":"Done", "context":{"dataType":"Device Info", "deleted":"0", "process_failed_to_decrypt":"0", "process_pending_decryption":"0", "process_success":"54", "total":"54"}}
{"logTime": "0929/133803", "correlationVector":"AXpxbTX/CDO8HHvvaJQhOi.4","action":"GetUpdates Response", "result":"Success", "context":Received 250 update(s). cV=AXpxbTX/CDO8HHvvaJQhOi.0;server=akswtt10300003q;cloudType=Consumer;environment=Prod_brazilsouth_prod-s01-034-sam-brazilsouth;migrationStage=NotStarted Some updates remain.}
{"logTime": "0929/133803", "correlationVector":"GEJNpxjmD1XTUuwbMwQej3","action":"Initial GetUpdates", "result":"", "context":Reason: NEWLY_SUPPORTED_DATATYPE. cV=GEJNpxjmD1XTUuwbMwQej3}
{"logTime": "0929/133804", "correlationVector":"GEJNpxjmD1XTUuwbMwQej3.1","action":"SyncServerConnectionManagerRequest", "result":"SYNC_SERVER_OK", "context":{"environment":"Prod_brazilsouth_prod-s01-034-sam-brazilsouth", "migrationStage":"NotStarted", "server":"akswtt10300003q"}}
{"logTime": "0929/133804", "correlationVector":"GEJNpxjmD1XTUuwbMwQej3.2","action":"ProcessGetUpdates", "result":"Done", "context":{"dataType":"Passwords", "deleted":"0", "process_failed_to_decrypt":"0", "process_pending_decryption":"0", "process_success":"29", "total":"29"}}
{"logTime": "0929/133804", "correlationVector":"GEJNpxjmD1XTUuwbMwQej3.3","action":"ProcessGetUpdates", "result":"Done", "context":{"dataType":"Device Info", "deleted":"0", "process_failed_to_decrypt":"0", "process_pending_decryption":"0", "process_success":"13", "total":"13"}}
{"logTime": "0929/133804", "correlationVector":"GEJNpxjmD1XTUuwbMwQej3.4","action":"GetUpdates Response", "result":"Success", "context":Received 42 update(s). cV=GEJNpxjmD1XTUuwbMwQej3.0;server=akswtt10300003q;cloudType=Consumer;environment=Prod_brazilsouth_prod-s01-034-sam-brazilsouth;migrationStage=NotStarted}
{"logTime": "0929/133804", "correlationVector":"MQM4n6rkop4X1SBE/GJmGc","action":"Initial GetUpdates", "result":"", "context":Reason: NEWLY_SUPPORTED_DATATYPE. cV=MQM4n6rkop4X1SBE/GJmGc}
{"logTime": "0929/133804", "correlationVector":"MQM4n6rkop4X1SBE/GJmGc.1","action":"SyncServerConnectionManagerRequest", "result":"SYNC_SERVER_OK", "context":{"environment":"Prod_brazilsouth_prod-s01-034-sam-brazilsouth", "migrationStage":"NotStarted", "server":"akswtt10300000e"}}
{"logTime": "0929/133804", "correlationVector":"MQM4n6rkop4X1SBE/GJmGc.2","action":"ProcessGetUpdates", "result":"Done", "context":{"dataType":"Bookmarks", "deleted":"0", "process_failed_to_decrypt":"0", "process_pending_decryption":"0", "process_success":"31", "total":"31"}}
{"logTime": "0929/133804", "correlationVector":"MQM4n6rkop4X1SBE/GJmGc.3","action":"ProcessGetUpdates", "result":"Done", "context":{"dataType":"Preferences", "deleted":"0", "process_failed_to_decrypt":"0", "process_pending_decryption":"0", "process_success":"60", "total":"60"}}
{"logTime": "0929/133804", "correlationVector":"MQM4n6rkop4X1SBE/GJmGc.4","action":"ProcessGetUpdates", "result":"Done", "context":{"dataType":"Autofill Profiles", "deleted":"0", "process_failed_to_decrypt":"0", "process_pending_decryption":"0", "process_success":"1", "total":"1"}}
{"logTime": "0929/133804", "correlationVector":"MQM4n6rkop4X1SBE/GJmGc.5","action":"ProcessGetUpdates", "result":"Done", "context":{"dataType":"Autofill", "deleted":"0", "process_failed_to_decrypt":"0", "process_pending_decryption":"0", "process_success":"3", "total":"3"}}
{"logTime": "0929/133804", "correlationVector":"MQM4n6rkop4X1SBE/GJmGc.6","action":"ProcessGetUpdates", "result":"Done", "context":{"dataType":"Sessions", "deleted":"10", "process_failed_to_decrypt":"0", "process_pending_decryption":"0", "process_success":"130", "total":"130"}}
{"logTime": "0929/133805", "correlationVector":"MQM4n6rkop4X1SBE/GJmGc.7","action":"GetUpdates Response", "result":"Success", "context":Received 225 update(s). cV=MQM4n6rkop4X1SBE/GJmGc.0;server=akswtt10300000e;cloudType=Consumer;environment=Prod_brazilsouth_prod-s01-034-sam-brazilsouth;migrationStage=NotStarted}
{"logTime": "0929/133805", "correlationVector":"1iG9A+cgqZxnDdcx0JYuxF","action":"Initial GetUpdates", "result":"", "context":Reason: NEWLY_SUPPORTED_DATATYPE. cV=1iG9A+cgqZxnDdcx0JYuxF}
{"logTime": "0929/133805", "correlationVector":"1iG9A+cgqZxnDdcx0JYuxF.1","action":"SyncServerConnectionManagerRequest", "result":"SYNC_SERVER_OK", "context":{"environment":"Prod_brazilsouth_prod-s01-034-sam-brazilsouth", "migrationStage":"NotStarted", "server":"akswtt10300000e"}}
{"logTime": "0929/133805", "correlationVector":"1iG9A+cgqZxnDdcx0JYuxF.2","action":"ProcessGetUpdates", "result":"Done", "context":{"dataType":"History", "deleted":"0", "process_failed_to_decrypt":"0", "process_pending_decryption":"0", "process_success":"158", "total":"158"}}
