2026-09-29 13:38:01.265: [INFO] CurrentProfilePath: C:\Users\fhell\Documents\Projetos\template-presente-afeto-kids\auditoria\edge-profile-hero\Default
2026-09-29 13:38:01.265: [INFO] Profiles total count: 1
2026-09-29 13:38:01.265: [INFO] Profile: name=Perfil 1 path=C:\Users\fhell\Documents\Projetos\template-presente-afeto-kids\auditoria\edge-profile-hero\Default lastActive=2026-09-29T13:38:01.215Z
2026-09-29 13:38:01.265: [INFO] LastUsedProfileDir: C:\Users\fhell\Documents\Projetos\template-presente-afeto-kids\auditoria\edge-profile-hero\Default
2026-09-29 13:38:01.265: [INFO] MostRecentlyActiveProfile: name=Perfil 1 path=C:\Users\fhell\Documents\Projetos\template-presente-afeto-kids\auditoria\edge-profile-hero\Default lastActive=2026-09-29T13:38:01.215Z
2026-09-29 13:38:01.265: [INFO] OnDoneLoading sync enabled: 0
2026-09-29 13:38:01.265: [INFO] BookmarkModelLoaded, ids_reassigned: 0
2026-09-29 13:38:01.265: [INFO] BookmarksLoadDropped droppedNodes=0
2026-09-29 13:38:01.265: [INFO] BookmarksSnapshot Startup total=0 bar=0 other=0 mobile=0 showBar=0 showBarNTP=1
2026-09-29 13:38:01.273: [INFO] RecordSyncInitDuration has_sync_been_enabled: 0 state: 0
2026-09-29 13:38:02.081: [INFO] VisibilityChanged: 0
2026-09-29 13:38:02.509: [INFO] RecordSyncInitDuration has_sync_been_enabled: 0 state: 0
2026-09-29 13:38:02.520: [INFO] RecordSyncInitDuration has_sync_been_enabled: 0 state: 3
2026-09-29 13:38:02.526: [INFO] Primary account changed.
2026-09-29 13:38:02.526: [INFO] OnPrimaryAccountChanged PrimaryAccountChangeEvent::Type::kSet
2026-09-29 13:38:02.557: [INFO] RecordSyncInitDuration has_sync_been_enabled: 0 state: 3
2026-09-29 13:38:02.595: [INFO] RecordSyncInitDuration has_sync_been_enabled: 0 state: 3
2026-09-29 13:38:04.062: [INFO] BookmarkNodeAdded, ABU: 0
2026-09-29 13:38:04.065: [INFO] BookmarkNodeAdded, ABU: 0
2026-09-29 13:38:04.066: [INFO] BookmarkNodeAdded, ABU: 0
2026-09-29 13:38:05.185: [INFO] BookmarkNodeAdded, ABU: 0
2026-09-29 13:38:05.187: [INFO] BookmarkNodeAdded, ABU: 0
2026-09-29 13:38:05.189: [INFO] BookmarkNodeAdded, ABU: 0
2026-09-29 13:38:05.191: [INFO] BookmarkNodeAdded, ABU: 0
2026-09-29 13:38:05.192: [INFO] BookmarkNodeAdded, ABU: 0
2026-09-29 13:38:05.192: [INFO] BookmarkNodeAdded, ABU: 0
2026-09-29 13:38:05.193: [INFO] BookmarkNodeAdded, ABU: 0
2026-09-29 13:38:05.194: [INFO] BookmarkNodeAdded, ABU: 0
2026-09-29 13:38:05.196: [INFO] BookmarkNodeAdded, ABU: 0
2026-09-29 13:38:05.197: [INFO] BookmarkNodeAdded, ABU: 0
2026-09-29 13:38:05.198: [INFO] BookmarkNodeAdded, ABU: 0
2026-09-29 13:38:05.199: [INFO] BookmarkNodeAdded, ABU: 0
2026-09-29 13:38:05.200: [INFO] BookmarkNodeAdded, ABU: 0
2026-09-29 13:38:05.201: [INFO] BookmarkNodeAdded, ABU: 0
2026-09-29 13:38:05.202: [INFO] BookmarkNodeAdded, ABU: 0
2026-09-29 13:38:05.204: [INFO] BookmarkNodeAdded, ABU: 0
2026-09-29 13:38:05.205: [INFO] BookmarkNodeAdded, ABU: 0
2026-09-29 13:38:05.206: [INFO] BookmarkNodeAdded, ABU: 0
2026-09-29 13:38:05.208: [INFO] BookmarkNodeAdded, ABU: 0
2026-09-29 13:38:05.209: [INFO] BookmarkNodeAdded, ABU: 0
2026-09-29 13:38:05.210: [INFO] BookmarkNodeAdded, ABU: 0
2026-09-29 13:38:05.210: [INFO] BookmarkNodeAdded, ABU: 0
2026-09-29 13:38:05.212: [INFO] BookmarkNodeAdded, ABU: 0
2026-09-29 13:38:05.212: [INFO] BookmarkNodeMoved
2026-09-29 13:38:05.212: [INFO] BookmarkNodeMoved
2026-09-29 13:38:05.212: [INFO] ReorderChildren, Url: 0, IsFolder: 1, IsWorkspace: 0
2026-09-29 13:38:05.212: [INFO] Remove, DeletionOrigin: 19
2026-09-29 13:38:05.213: [INFO] BookmarkNodeRemoved, Url: 0, IsFolder: 1, IsWorkspace: 0
2026-09-29 13:38:05.214: [INFO] BookmarkNodeAdded, ABU: 0
2026-09-29 13:38:05.214: [INFO] Remove, DeletionOrigin: 19
2026-09-29 13:38:05.215: [INFO] BookmarkNodeRemoved, Url: 1, IsFolder: 0, IsWorkspace: 0
2026-09-29 13:38:05.216: [INFO] BookmarkNodeAdded, ABU: 0
2026-09-29 13:38:05.216: [INFO] Remove, DeletionOrigin: 19
2026-09-29 13:38:05.216: [INFO] BookmarkNodeRemoved, Url: 1, IsFolder: 0, IsWorkspace: 0
2026-09-29 13:38:05.230: [INFO] BookmarkBarPrefChanged showBar=0 showBarNTP=0
